// Jest Snapshot v1, https://goo.gl/fbAQLP

exports[`matches snapshot 1`] = `
<DocumentFragment>
  <div
    class="Box-container"
  >
    <div
      class="Box"
      style="background-color: blue; width: 5rem; height: 5rem;"
    />
    <div>
      <button>
        X
      </button>
    </div>
  </div>
</DocumentFragment>
`;
